map
	config proj_lib /usr/local/share/proj
	name gipuzkoa_wfs
	status on
	size 600 600
	extent 530000 4740000 610000 4820000
	units meters
	shapepath "/home/data/gpkg"
	imagecolor 255 255 255
	projection
		"init=epsg:25830"
	end
	outputformat
		name png
		mimetype image/png
		driver agg/png
		extension png
		imagemode rgba
		transparent true
	end
	outputformat
		name "geojson"
		driver "OGR/GEOJSON"
		mimetype "application/json; subtype=geojson"
		formatoption "STORAGE=stream"
		formatoption "FORM=SIMPLE"
	end
	web
		metadata
			ows_enable_request "*"
			wfs_title "Locate"
			wfs_abstract "Locate. The engine used to server is UMN MapServer"
			wfs_keywordlist "Locate WFS/WMS"
			wfs_onlineresource "https://b5mdev/ogc/wfs/gipuzkoa_wfs?"
			wfs_accessconstraints "https://b5mdev/info/en/legal-information/"
			wfs_srs "EPSG:25830 EPSG:23030 EPSG:4326 EPSG:32630 EPSG:4230 EPSG:900913 EPSG:3857"
			wfs_enable_request "*"
			wfs_getfeature_formatlist "gml,geojson"
			wfs_maxfeatures "100"
		end
	end
	layer
		name "s_regions"
		type polygon
		status on
		connectiontype ogr
		connection "s_regions.gpkg"
		data "s_regions"
		processing "CLOSE_CONNECTION=DEFER"
		encoding "UTF-8"
		projection
			"init=epsg:25830"
		end
		class
			style
				outlinecolor 0 0 0
				color 120 120 120
			end
		end
		metadata
			wfs_title "Eskualdeak / Comarcas / Regions"
			wfs_abstract "B5m code S"
			wfs_extent "530000 4740000 610000 4820000"
			gml_include_items "all"
			gml_featureid "b5mcode"
			wfs_enable_request "*"
			wfs_use_default_extent_for_getfeature "false"
		end
	end
	layer
		name "m_municipalities"
		type polygon
		status on
		connectiontype ogr
		connection "m_municipalities.gpkg"
		data "m_municipalities"
		processing "CLOSE_CONNECTION=DEFER"
		encoding "UTF-8"
		projection
			"init=epsg:25830"
		end
		class
			style
				outlinecolor 0 0 0
				color 120 120 120
			end
		end
		metadata
			wfs_title "Udalerriak / Municipios / Municipalities"
			wfs_abstract "B5m code M"
			wfs_extent "530000 4740000 610000 4820000"
			gml_include_items "all"
			gml_featureid "b5mcode"
			wfs_enable_request "*"
			wfs_use_default_extent_for_getfeature "false"
		end
	end
	layer
		name "c_basins"
		type polygon
		status on
		connectiontype ogr
		connection "c_basins.gpkg"
		data "c_basins"
		processing "CLOSE_CONNECTION=DEFER"
		encoding "UTF-8"
		projection
			"init=epsg:25830"
		end
		class
			style
				outlinecolor 0 0 0
				color 120 120 120
			end
		end
		metadata
			wfs_title "Arroak / Cuencas / Basins"
			wfs_abstract "B5m code C"
			wfs_extent "530000 4740000 610000 4820000"
			gml_include_items "all"
			gml_featureid "b5mcode"
			wfs_enable_request "*"
			wfs_use_default_extent_for_getfeature "false"
		end
	end
	layer
		name "i_hydrography"
		type line
		status on
		connectiontype ogr
		connection "i_hydrography.gpkg"
		data "i_hydrography"
		processing "CLOSE_CONNECTION=DEFER"
		encoding "UTF-8"
		projection
			"init=epsg:25830"
		end
		class
			style
				outlinecolor 0 0 0
				color 120 120 120
			end
		end
		metadata
			wfs_title "Hidrografia / Hidrografía / Hydrography"
			wfs_abstract "B5m code I"
			wfs_extent "530000 4740000 610000 4820000"
			gml_include_items "all"
			gml_featureid "b5mcode"
			wfs_enable_request "*"
			wfs_use_default_extent_for_getfeature "false"
		end
	end
	layer
		name "d_postaladdresses"
		type polygon
		status on
		connectiontype ogr
		connection "d_postaladdresses.gpkg"
		data "d_postaladdresses"
		processing "CLOSE_CONNECTION=DEFER"
		encoding "UTF-8"
		projection
			"init=epsg:25830"
		end
		class
			style
				outlinecolor 0 0 0
				color 120 120 120
			end
		end
		metadata
			wfs_title "Posta helbideak / Direcciones postales / Postal Addresses"
			wfs_abstract "B5m code D"
			wfs_extent "530000 4740000 610000 4820000"
			gml_include_items "all"
			gml_featureid "b5mcode"
			wfs_enable_request "*"
			wfs_use_default_extent_for_getfeature "false"
		end
	end
	layer
		name "e_buildings"
		type polygon
		status on
		connectiontype ogr
		connection "e_buildings.gpkg"
		data "e_buildings"
		processing "CLOSE_CONNECTION=DEFER"
		encoding "UTF-8"
		projection
			"init=epsg:25830"
		end
		class
			style
				outlinecolor 0 0 0
				color 120 120 120
			end
		end
		metadata
			wfs_title "Eraikinak / Edificios / Builings"
			wfs_abstract "B5m code E"
			wfs_extent "530000 4740000 610000 4820000"
			gml_include_items "all"
			gml_featureid "b5mcode"
			wfs_enable_request "*"
			wfs_use_default_extent_for_getfeature "false"
		end
	end
	layer
		name "sg_geodeticbenchmarks"
		type point
		status on
		connectiontype ogr
		connection "sg_geodeticbenchmarks.gpkg"
		data "sg_geodeticbenchmarks"
		processing "CLOSE_CONNECTION=DEFER"
		encoding "UTF-8"
		projection
			"init=epsg:25830"
		end
		class
			style
				outlinecolor 0 0 0
				color 120 120 120
			end
		end
		metadata
			wfs_title "Seinale geodesikoak / Señales geodésicas / Geodetic Benchmarks"
			wfs_abstract "B5m code SG"
			wfs_extent "530000 4740000 610000 4820000"
			gml_include_items "all"
			gml_featureid "b5mcode"
			wfs_enable_request "*"
			wfs_use_default_extent_for_getfeature "false"
		end
	end
	layer
		name "dm_distancemunicipalities"
		type line
		status on
		#connectiontype ogr
		#connection "dm_distancemunicipalities.gpkg"
		#data "dm_distancemunicipalities"
		connectiontype oraclespatial
		connection "b5mweb_25830/web+@bdet"
		data "geom from gi_wfs_dm using srid 25830 version 10g"
		#extent 356000 4613000 753000 4839000
		processing "CLOSE_CONNECTION=DEFER"
		encoding "UTF-8"
		projection
			"init=epsg:25830"
		end
		class
			style
				outlinecolor 0 0 0
				color 120 120 120
			end
		end
		metadata
			wfs_title "Udalerrien arteko distantzia / Distancia entre municipios / Distance Between Municipalities"
			wfs_abstract "B5m code DM"
			wfs_extent "356000 4613000 753000 4839000"
			wfs_geomtype "MultiLine"
			gml_include_items "all"
			gml_iddm_alias "iddm"
			gml_b5mcode_alias "b5mcode"
			gml_codmuni1_alias "codmuni1"
			gml_muni1_eu_alias "muni1_eu"
			gml_muni1_es_alias "muni1_es"
			gml_muni1_fr_alias "muni1_fr"
			gml_codterm1_alias "codterm1"
			gml_term1_eu_alias "term1_eu"
			gml_term1_es_alias "term1_es"
			gml_term1_fr_alias "term1_fr"
			gml_id_area1_alias "id_area1"
			gml_codmuni2_alias "codmuni2"
			gml_muni2_eu_alias "muni2_eu"
			gml_muni2_es_alias "muni2_es"
			gml_muni2_fr_alias "muni2_fr"
			gml_codterm2_alias "codterm2"
			gml_term2_eu_alias "term2_eu"
			gml_term2_es_alias "term2_es"
			gml_term2_fr_alias "term2_fr"
			gml_id_area2_alias "id_area2"
			gml_idarea2_alias "idarea_2"
			gml_dist_r_alias "dist_r"
			gml_dist_c_alias "dist_c"
			gml_dm_date_alias "dm_date"
			gml_geom_alias "geom"
			gml_featureid "b5mcode"
			wfs_enable_request "*"
			wfs_use_default_extent_for_getfeature "false"
		end
	end
	layer
		name "q_municipalcartography"
		type polygon
		status on
		connectiontype ogr
		connection "q_municipalcartography.gpkg"
		data "q_municipalcartography"
		processing "CLOSE_CONNECTION=DEFER"
		encoding "UTF-8"
		projection
			"init=epsg:25830"
		end
		class
			style
				outlinecolor 0 0 0
				color 120 120 120
			end
		end
		metadata
			wfs_title "Udal kartografia / Cartografía municipal / Municipal Cartography"
			wfs_abstract "B5m code Q"
			wfs_extent "530000 4740000 610000 4820000"
			gml_include_items "all"
			gml_featureid "b5mcode"
			wfs_enable_request "*"
			wfs_use_default_extent_for_getfeature "false"
		end
	end
end
